# ISSUE.log

Running log of known defects, gaps, and deferred decisions for Save Philly Festivals.
Newest first. Each entry records what is wrong, why it matters, and what closes it.

Status values: OPEN | IN PROGRESS | RESOLVED | DEFERRED | WONTFIX

---

## 2026-08-10 — Geocoding fallback can't help venue-only locations with no comma
**Status:** RESOLVED — interactive address confirmation shipped on both the producer and admin sides
**Severity:** Low-medium — cosmetic (missing map pin), not a data-integrity issue
**Area:** `src/features/festivals/geocoding-service.js`, `location-lookup-schema.js`,
`LocationLookupPanel.jsx`, `useLocationLookup.js`, `producer-submission-http.js`, `editorial-http.js`

Investigated a missing map pin on "South Philly Caribbean Festival"
(`c1919f87-b157-4878-b22c-e2673689bff0`, `location: "9th Street Italian Market"`,
`geocode_status: failed`, `geocode_failure_reason: no_match`, 3 attempts). Confirmed this is one
instance of the already-known, already-quantified gap: 238/415 festivals resolved, 87 failed
(54 `no_match`, 31 `unmappable_location`, 2 `outside_region`), 90 never attempted (no location
text) — matches the 238/415 (57%) figure already in `Known-Issues.md`.

Root cause: `buildFallbackQuery()` only retries when the raw `location` text has 2+ comma-separated
segments, so it can drop the leading one ("Venue, 123 Street Ave" → retries as "123 Street Ave").
**14 of the 54 `no_match` festivals have a comma-less, venue-only location and never got a fallback
attempt at all** — including this one, "Mann Center Summer Music Festival" →
`"The Mann Center for the Performing Arts"`, and "Philly Taco Challenge" → `"Xfinity Live!"`.
Rerunning `festival-geocode.mjs apply` kept producing the same result no matter how many times it
ran, since there was no second query to fall back to.

**Closed by:** a shared, human-in-the-loop address confirmation step, per the discussion that the
legacy-imported backlog has no producer (`festival-import-repository.js` never sets
`submitted_by`) so an admin-only fix wouldn't reach the 87-festival backlog's root cause, while a
producer-only fix wouldn't touch the backlog. Built both, sharing one service:

- `geocoding-service.js` gained `searchLocationCandidates()` — a single, human-triggered Nominatim
  lookup (limit 5, same region/precision filtering as `classifyGeocodeResult`) that returns
  candidate matches instead of writing anything. Same "singular, triggered by a person, not a
  batch" reasoning that already made the on-demand `geocodeFestival` button acceptable inline.
- New shared request schema: `location-lookup-schema.js`.
- Two new POST endpoints, each behind that area's existing authorization/origin/rate-limit gate:
  `/api/producer/festivals/location-lookup` (`authorizeProducer`, new `location_lookup: 20/min`
  bucket in `producer-request-security.js`) and `/api/admin/festivals/location-lookup`
  (`authorizeEditor`, existing `mutationGate`).
- Shared client hook (`useLocationLookup.js`) and UI (`LocationLookupPanel.jsx`, "Find address" →
  pick a candidate → "Use this address") mounted under the location field in both
  `ProducerSubmissionEditor.jsx` (new submissions, so bad addresses stop entering the pipeline at
  the source) and `AdminFestivalEditor.jsx` (covers the legacy backlog and gives editors an
  override during review).
- Deliberately writes only the `location` text, never coordinates — the geocode sweep / existing
  "Geocode now" button stay the only writer of `latitude`/`longitude`, so this doesn't introduce a
  second write path that could disagree with the sweep.

Verified: `tests/unit/geocoding-service.test.js` covers candidate filtering (drops
state/country-level and out-of-region results), the unmappable-location short-circuit (no request
sent), and provider-failure handling. Lint and `tsc --noEmit --project jsconfig.json` are clean on
every touched file. Full suite run via the documented direct-vitest fallback
(`cd apps/save-philly-festivals && ../../node_modules/.bin/vitest run --config vitest.config.js`):
313 passed, 1 pre-existing unrelated failure (a Windows path-separator bug in
`tests/unit/uploads.test.js`, backslash vs forward-slash, not touched by this change).

**Not fixed as part of this:** the existing 87 already-failed legacy festivals still need someone
to open each one in the admin editor and click through the new panel — this ships the tool, not a
bulk backfill. Running `pnpm exec nx run save-philly-festivals:test` (the Nx-wrapped target, as
opposed to direct vitest) currently fails all 45 test files with
`Cannot read properties of undefined (reading 'config')`, reproducible before this change too —
looks like an Nx/vitest version-wiring issue unrelated to this feature; flagging here rather than
fixing it, since diagnosing the Nx plugin/vitest 4.x mismatch is a separate task.

---

## 2026-08-10 — Verified: "approved" ≠ "published" is real and already documented correctly
**Status:** RESOLVED (verified, not a bug — no doc change needed)
**Severity:** N/A
**Area:** `prisma/schema.prisma` (`FestivalWorkflowState`), `docs/Client-Call-Walkthrough-Script.md`

Checked whether an approved festival still needs a separate publish step, and whether that's
disclosed to the client. `FestivalWorkflowState` has `approved` and `published` as distinct,
sequential states, and `publication-policy.js` gates public visibility on `published` only —
`approved` festivals stay private. `Client-Call-Walkthrough-Script.md` Phase 3 already states this
explicitly: "notice approval and publication are separate steps — approving registers editorial
acceptance while keeping the festival private, so you can preview before it goes live." No change
made.

---

## 2026-08-10 — Signed-in `public` users cannot reach their application status
**Status:** RESOLVED 2026-08-10
**Severity:** High — blocks the producer onboarding flow end to end
**Area:** `src/components/shared/NavBar.jsx`

**What's wrong**
`/account` correctly tracks a producer-access application (pending → "Awaiting review",
rejected → shows the decision reason and allows reapplying, approved → "Producer access
active"). The page works. It is simply unreachable through the UI.

`NavBar` computes `isStaff` and `isProducer` and renders the email chip and Sign Out button only
when `(isStaff || isProducer)`. A self-registered user holds the `public` role by design —
signup grants nothing, and producer access is approved separately — so that user sees a "Login"
button while already signed in, gets no Sign Out control, and has no link to `/account`.

**Why it matters**
This is the exact person the page exists for. Someone who signs up and requests access has no
way to check on it short of typing the URL, and the nav actively tells them they are logged out.
It makes a working feature look broken.

**Fixed by**
`NavBar` now derives `isSignedIn` from the session rather than from the role, shows a "My account"
link to `/account`, and gates the email chip and Sign Out on it. Applied to both the desktop nav
and the mobile disclosure menu. `isStaff`/`isProducer` still drive the portal links, so a
`public` user correctly sees no admin or producer portal.

Verified: signed-out visitors still see only "Login" and no account link; lint, 336 unit tests,
and the production build all pass.

---

## 2026-08-10 — Self-service signup does not verify email ownership
**Status:** OPEN (accepted risk for the Aug 14 handoff)
**Severity:** Low
**Area:** `src/features/producer-access/`

Anyone can register with an address they do not control. Acceptable because registration grants
no capability — the account is `public` until an administrator approves producer access, and a
human reviews every request. Worth closing before the platform is promoted publicly, since
decision emails are sent to an unverified address.

---

## 2026-08-10 — QA verification account exists on the production database
**Status:** RESOLVED (mitigated; row is permanent)
**Severity:** Low
**Area:** `User` table

`qa-producer-flow@example.test` was created while verifying the producer-access flow against the
production database and was briefly an active producer account. `UserAccountTransition` rows are
append-only by database trigger, so the user cannot be deleted. It has been deactivated
(`status: deactivated`, revision 2) and `src/lib/auth.js` authenticates only `status === "active"`
users, so it cannot sign in. It will remain visible in Admin → Settings.

---

## 2026-08-10 — Account emails and organizer emails share one provider
**Status:** RESOLVED (by design, documented here so it is not "simplified" later)
**Severity:** Critical if regressed
**Area:** `src/features/producer-access/producer-access-notifications.js`

Producer-access decision emails and festival workflow notifications both send through Resend.
Festival notifications are addressed to organizer contact details imported from the source
spreadsheet — people who never signed up for anything — and there are ~1,600 outbox rows waiting.

Account emails are therefore gated on their own switch, `ACCOUNT_EMAILS_ENABLED`, in addition to
`RESEND_API_KEY`. Setting the API key alone must never arm organizer email. Do not "simplify"
this by keying account email off the presence of the API key.

Mitigating fact, verified: there is no bulk notification sweeper, so a key alone would not drain
the backlog. Delivery happens inline during an admin transition or via the one-at-a-time retry
button.

---

## 2026-08-10 — 405 imported festivals are unpublished; the public site is empty
**Status:** OPEN (deliberate, operator decision)
**Severity:** Informational
**Area:** data

All 405 imported festivals were moved `published → unpublished` on request. Only `published`
festivals are publicly discoverable, so search, the calendar, the map, and imported festival
detail pages currently return nothing.

Reversing is one transition each. Note that `festival-publish-batch.mjs` deliberately excludes
`unpublished` from `PUBLISHABLE_FROM` so a festival taken down on purpose is not silently
republished by a bulk job — restoring all 405 needs that guard relaxed or an explicit
`--include-unpublished` flag.

---

## 2026-08-10 — Long-running festivals are date ranges, not real recurrence
**Status:** DEFERRED (needs client input)
**Severity:** Low
**Area:** `src/features/schedule/CalendarClient.jsx`, importer

Eight published festivals span more than 13 days; two exceed 60. The source spreadsheet gave a
start and an end date and nothing about which days inside that window the event actually runs, so
Clover Market (May 17 – Oct 4) is stored as one continuous 140-day range when it is really a
market on selected Sundays.

Mitigated in the UI: multi-day festivals show "Runs May 17 – Oct 4" on their opening day and
"Ongoing · through Oct 4" on any later day, plus an "Ongoing" badge past 13 days. The label
deliberately never claims the festival "recurs", because that cannot be inferred from duration —
Fringe and Welcome America genuinely do run continuously.

Closing properly needs either a `schedule_note` field the client fills in ("Sundays, May–October")
or real `FestivalOccurrence` rows per date. The schema already supports the latter; nobody has the
actual dates yet.

---

## 2026-08-10 — Imported festivals have no imagery and no descriptions
**Status:** DEFERRED (needs client decision)
**Severity:** Low
**Area:** data / importer

Of 405 published festivals, zero have `image_url`, `logo_url`, or an Instagram handle. 267 have a
website URL, which is the only usable source. Pulling imagery would mean crawling 267 third-party
sites for Open Graph images, with copyright questions about republishing and a storage decision
(Vercel's filesystem is not durable). Text search matches only name, location, and mapped
category as a result. Branded placeholders cover the gap for now.
